main.c:93:6:setTimer0	16	static
main.c:97:6:setTimer1	16	static
main.c:101:6:setTimer2	16	static
main.c:105:6:setTimer3	16	static
main.c:109:6:timer_run	4	static
main.c:141:6:display7SEG	72	static
main.c:152:6:update7SEG	16	static
main.c:179:6:updateClockBuffer	4	static
main.c:187:6:disableAllColumns	8	static
main.c:193:6:enableColumn	16	static
main.c:208:6:setColumnData	24	static
main.c:219:6:updateLEDMatrix	16	static
main.c:226:6:shiftLeft	16	static
main.c:234:6:shiftRight	24	static
main.c:247:5:main	8	static
main.c:341:6:SystemClock_Config	72	static
main.c:377:13:MX_TIM2_Init	32	static
main.c:422:13:MX_GPIO_Init	32	static
main.c:471:6:HAL_TIM_PeriodElapsedCallback	16	static
main.c:482:6:Error_Handler	4	static,ignoring_inline_asm
