main.c:90:6:setTimer0	16	static
main.c:94:6:setTimer1	16	static
main.c:98:6:setTimer2	16	static
main.c:102:6:timer_run	4	static
main.c:130:6:display7SEG	72	static
main.c:141:6:update7SEG	16	static
main.c:172:6:updateClockBuffer	4	static
main.c:180:6:disableAllColumns	8	static
main.c:186:6:enableColumn	16	static
main.c:201:6:setColumnData	24	static
main.c:212:6:updateLEDMatrix	16	static
main.c:224:5:main	8	static
main.c:310:6:SystemClock_Config	72	static
main.c:346:13:MX_TIM2_Init	32	static
main.c:391:13:MX_GPIO_Init	32	static
main.c:440:6:HAL_TIM_PeriodElapsedCallback	16	static
main.c:451:6:Error_Handler	4	static,ignoring_inline_asm
